02-10 17:39:43.551 D/dalvikvm( 2529): GC_CONCURRENT freed 1935K, 37% free 5790K/9152K, paused 3ms+6ms, total 49ms

shell@android:/ $ 
shell@android:/ $ 
shell@android:/ $ 
shell@android:/ $ 02-10 17:39:53.711 D/dalvikvm( 2529): GC_CONCURRENT freed 1916K, 37% free 5796K/9152K, paused 2ms+7ms, total 47ms
02-10 17:40:04.311 D/dalvikvm( 2529): GC_CONCURRENT freed 1928K, 37% free 5800K/9152K, paused 4ms+16ms, total 97ms
02-10 17:40:14.521 D/dalvikvm( 2529): GC_CONCURRENT freed 1927K, 37% free 5795K/9152K, paused 2ms+8ms, total 50ms
02-10 17:40:24.121 D/dalvikvm( 2529): GC_CONCURRENT freed 1948K, 37% free 5768K/9152K, paused 3ms+6ms, total 43ms
02-10 17:40:33.921 D/dalvikvm( 2529): GC_CONCURRENT freed 1927K, 38% free 5763K/9152K, paused 3ms+6ms, total 37ms
02-10 17:40:43.611 D/dalvikvm( 2529): GC_CONCURRENT freed 1927K, 38% free 5762K/9152K, paused 3ms+7ms, total 45ms
02-10 17:40:53.461 D/dalvikvm( 2529): GC_CONCURRENT freed 1910K, 37% free 5775K/9152K, paused 3ms+6ms, total 38ms
02-10 17:41:02.761 D/dalvikvm( 2529): GC_CONCURRENT freed 1926K, 37% free 5771K/9152K, paused 2ms+6ms, total 38ms
02-10 17:41:11.941 D/dalvikvm( 2529): GC_CONCURRENT freed 1921K, 37% free 5775K/9152K, paused 2ms+11ms, total 55ms
02-10 17:41:21.531 D/dalvikvm( 2529): GC_CONCURRENT freed 1930K, 37% free 5779K/9152K, paused 2ms+8ms, total 43ms
02-10 17:41:30.641 D/dalvikvm( 2529): GC_CONCURRENT freed 1931K, 37% free 5774K/9152K, paused 2ms+11ms, total 64ms
02-10 17:41:40.251 D/dalvikvm( 2529): GC_CONCURRENT freed 1925K, 37% free 5772K/9152K, paused 3ms+7ms, total 42ms
02-10 17:41:49.551 D/dalvikvm( 2529): GC_CONCURRENT freed 1929K, 37% free 5773K/9152K, paused 3ms+10ms, total 70ms
02-10 17:41:58.731 D/dalvikvm( 2529): GC_CONCURRENT freed 1899K, 37% free 5802K/9152K, paused 2ms+17ms, total 70ms
02-10 17:42:08.621 D/dalvikvm( 2529): GC_CONCURRENT freed 1922K, 37% free 5805K/9152K, paused 3ms+7ms, total 50ms
02-10 17:42:19.021 D/dalvikvm( 2529): GC_CONCURRENT freed 1927K, 37% free 5803K/9152K, paused 4ms+8ms, total 51ms
02-10 17:42:29.331 D/dalvikvm( 2529): GC_CONCURRENT freed 1927K, 37% free 5804K/9152K, paused 3ms+13ms, total 68ms
02-10 17:42:38.931 D/dalvikvm( 2529): GC_CONCURRENT freed 1961K, 37% free 5766K/9152K, paused 4ms+7ms, total 53ms
02-10 17:42:49.271 D/dalvikvm( 2529): GC_CONCURRENT freed 1888K, 37% free 5805K/9152K, paused 3ms+9ms, total 60ms
02-10 17:42:58.661 W/ThrottleService( 1521): unable to find stats for iface ppp0
02-10 17:42:59.921 D/dalvikvm( 2529): GC_CONCURRENT freed 1924K, 37% free 5806K/9152K, paused 3ms+9ms, total 54ms
02-10 17:43:10.281 D/dalvikvm( 2529): GC_CONCURRENT freed 1928K, 37% free 5802K/9152K, paused 4ms+16ms, total 59ms
02-10 17:43:20.361 D/dalvikvm( 2529): GC_CONCURRENT freed 1925K, 37% free 5805K/9152K, paused 2ms+8ms, total 67ms
02-10 17:43:30.441 D/dalvikvm( 2529): GC_CONCURRENT freed 1927K, 37% free 5802K/9152K, paused 5ms+8ms, total 48ms
02-10 17:43:38.241 I/ActivityManager( 1521): Start proc org.cocos2dx.FishGame:bdservice_v1 for service org.cocos2dx.FishGame/com.baidu.android.pushservice.PushService: pid=3068 uid=10050 gids={50050, 3003, 1015, 1028, 1006}
02-10 17:43:38.251 I/dalvikvm( 3068): Turning on JNI app bug workarounds for target SDK version 13...
02-10 17:43:38.271 E/Trace   ( 3068): error opening trace file: No such file or directory (2)
02-10 17:43:38.381 D/dalvikvm( 3068): Trying to load lib /data/app-lib/org.cocos2dx.FishGame-1/libmegjb.so 0x4138aa90
02-10 17:43:38.381 D/dalvikvm( 3068): Added shared lib /data/app-lib/org.cocos2dx.FishGame-1/libmegjb.so 0x4138aa90
02-10 17:43:39.621 D/dalvikvm( 3068): DexOpt: --- BEGIN 'app_sdk30680_.jar' (bootstrap=0) ---
02-10 17:43:39.701 D/dalvikvm( 3088): DexOpt: load 18ms, verify+opt 2ms, 175500 bytes
02-10 17:43:39.751 D/dalvikvm( 3068): DexOpt: --- END 'app_sdk30680_.jar' (success) ---
02-10 17:43:39.751 D/dalvikvm( 3068): DEX prep '/data/data/org.cocos2dx.FishGame/files/app_sdk30680_.jar': unzip in 1ms, rewrite 125ms
02-10 17:43:39.841 D/dalvikvm( 3068): Trying to load lib /data/app-lib/org.cocos2dx.FishGame-1/libpush-socket.so 0x4138aa90
02-10 17:43:39.841 D/dalvikvm( 3068): Added shared lib /data/app-lib/org.cocos2dx.FishGame-1/libpush-socket.so 0x4138aa90
02-10 17:43:39.841 D/dalvikvm( 3068): No JNI_OnLoad found in /data/app-lib/org.cocos2dx.FishGame-1/libpush-socket.so 0x4138aa90, skipping init
02-10 17:43:39.841 I/Process ( 3068): Sending signal. PID: 3068 SIG: 9
02-10 17:43:39.861 I/ActivityManager( 1521): Process org.cocos2dx.FishGame:bdservice_v1 (pid 3068) has died.
02-10 17:43:40.741 D/dalvikvm( 2529): GC_CONCURRENT freed 1922K, 37% free 5804K/9152K, paused 2ms+7ms, total 53ms
02-10 17:43:51.051 D/dalvikvm( 2529): GC_CONCURRENT freed 1929K, 37% free 5800K/9152K, paused 1ms+6ms, total 51ms
02-10 17:44:00.911 D/dalvikvm( 2529): GC_CONCURRENT freed 1954K, 37% free 5767K/9152K, paused 3ms+6ms, total 39ms
02-10 17:44:11.031 D/dalvikvm( 2529): GC_CONCURRENT freed 1922K, 37% free 5767K/9152K, paused 2ms+7ms, total 38ms
02-10 17:44:21.191 D/dalvikvm( 2529): GC_CONCURRENT freed 1922K, 37% free 5768K/9152K, paused 3ms+5ms, total 46ms
02-10 17:44:31.241 D/dalvikvm( 2529): GC_CONCURRENT freed 1926K, 38% free 5764K/9152K, paused 2ms+8ms, total 47ms
02-10 17:44:41.361 D/dalvikvm( 2529): GC_CONCURRENT freed 1919K, 37% free 5770K/9152K, paused 3ms+6ms, total 45ms
02-10 17:44:51.561 D/dalvikvm( 2529): GC_CONCURRENT freed 1925K, 37% free 5769K/9152K, paused 3ms+7ms, total 44ms
02-10 17:45:01.841 D/dalvikvm( 2529): GC_CONCURRENT freed 1924K, 37% free 5776K/9152K, paused 3ms+6ms, total 44ms
02-10 17:45:11.961 D/dalvikvm( 2529): GC_CONCURRENT freed 1929K, 37% free 5771K/9152K, paused 3ms+7ms, total 47ms
02-10 17:45:22.121 D/dalvikvm( 2529): GC_CONCURRENT freed 1924K, 37% free 5768K/9152K, paused 2ms+8ms, total 40ms
02-10 17:45:32.711 D/dalvikvm( 2529): GC_CONCURRENT freed 1895K, 37% free 5794K/9152K, paused 3ms+11ms, total 50ms
02-10 17:45:43.241 D/dalvikvm( 2529): GC_CONCURRENT freed 1914K, 37% free 5804K/9152K, paused 3ms+7ms, total 50ms
02-10 17:45:54.101 D/dalvikvm( 2529): GC_CONCURRENT freed 1939K, 37% free 5786K/9152K, paused 4ms+8ms, total 50ms
02-10 17:46:05.121 D/dalvikvm( 2529): GC_CONCURRENT freed 1917K, 37% free 5797K/9152K, paused 3ms+7ms, total 63ms
02-10 17:46:15.721 D/dalvikvm( 2529): GC_CONCURRENT freed 1925K, 37% free 5794K/9152K, paused 3ms+9ms, total 55ms
02-10 17:46:26.181 D/dalvikvm( 2529): GC_CONCURRENT freed 1923K, 37% free 5798K/9152K, paused 1ms+17ms, total 58ms
02-10 17:46:36.531 D/dalvikvm( 2529): GC_CONCURRENT freed 1925K, 37% free 5798K/9152K, paused 2ms+10ms, total 51ms
02-10 17:46:47.181 D/dalvikvm( 2529): GC_CONCURRENT freed 1924K, 37% free 5797K/9152K, paused 4ms+6ms, total 44ms
02-10 17:46:57.521 D/dalvikvm( 2529): GC_CONCURRENT freed 1926K, 37% free 5799K/9152K, paused 7ms+10ms, total 64ms
02-10 17:47:07.371 D/dalvikvm( 2529): GC_CONCURRENT freed 1925K, 37% free 5795K/9152K, paused 3ms+7ms, total 40ms
02-10 17:47:17.891 D/dalvikvm( 2529): GC_CONCURRENT freed 1922K, 37% free 5796K/9152K, paused 3ms+6ms, total 51ms
02-10 17:47:27.871 D/dalvikvm( 2529): GC_CONCURRENT freed 1934K, 37% free 5786K/9152K, paused 3ms+6ms, total 44ms
02-10 17:47:37.861 D/dalvikvm( 2529): GC_CONCURRENT freed 1946K, 38% free 5760K/9152K, paused 3ms+6ms, total 33ms
02-10 17:47:47.931 D/dalvikvm( 2529): GC_CONCURRENT freed 1921K, 38% free 5762K/9152K, paused 3ms+6ms, total 37ms
02-10 17:47:57.611 D/dalvikvm( 2529): GC_CONCURRENT freed 1920K, 37% free 5768K/9152K, paused 2ms+8ms, total 52ms
02-10 17:48:07.351 D/dalvikvm( 2529): GC_CONCURRENT freed 1930K, 38% free 5765K/9152K, paused 3ms+6ms, total 46ms
02-10 17:48:17.421 D/dalvikvm( 2529): GC_CONCURRENT freed 1926K, 38% free 5761K/9152K, paused 3ms+6ms, total 40ms
02-10 17:48:27.621 D/dalvikvm( 2529): GC_CONCURRENT freed 1923K, 38% free 5761K/9152K, paused 3ms+6ms, total 39ms
02-10 17:48:37.961 D/dalvikvm( 2529): GC_CONCURRENT freed 1923K, 38% free 5761K/9152K, paused 2ms+10ms, total 49ms
02-10 17:48:48.051 D/dalvikvm( 2529): GC_CONCURRENT freed 1922K, 38% free 5764K/9152K, paused 3ms+6ms, total 56ms
02-10 17:48:58.301 D/dalvikvm( 2529): GC_CONCURRENT freed 1929K, 38% free 5758K/9152K, paused 3ms+6ms, total 39ms
02-10 17:49:08.771 D/dalvikvm( 2529): GC_CONCURRENT freed 1919K, 38% free 5762K/9152K, paused 3ms+6ms, total 44ms
11-05 09:48:34.768 I/audio_hw_primary( 1405): out_set_parameters: kvpairs = routing=0
02-10 17:49:19.241 D/dalvikvm( 2529): GC_CONCURRENT freed 1920K, 37% free 5770K/9152K, paused 4ms+5ms, total 75ms
02-10 17:49:29.481 D/dalvikvm( 2529): GC_CONCURRENT freed 1926K, 37% free 5772K/9152K, paused 2ms+6ms, total 54ms
02-10 17:49:39.671 D/dalvikvm( 2529): GC_CONCURRENT freed 1927K, 37% free 5770K/9152K, paused 3ms+6ms, total 44ms
02-10 17:49:49.851 D/dalvikvm( 2529): GC_CONCURRENT freed 1926K, 37% free 5774K/9152K, paused 3ms+7ms, total 38ms
02-10 17:49:52.941 D/dalvikvm( 1521): GC_CONCURRENT freed 1806K, 25% free 7472K/9884K, paused 2ms+9ms, total 89ms
02-10 17:50:00.151 D/dalvikvm( 2529): GC_CONCURRENT freed 1929K, 37% free 5768K/9152K, paused 3ms+5ms, total 36ms
02-10 17:50:10.511 D/dalvikvm( 2529): GC_CONCURRENT freed 1923K, 37% free 5767K/9152K, paused 4ms+6ms, total 37ms
02-10 17:50:20.921 D/dalvikvm( 2529): GC_CONCURRENT freed 1922K, 37% free 5767K/9152K, paused 3ms+6ms, total 38ms
02-10 17:50:31.201 D/dalvikvm( 2529): GC_CONCURRENT freed 1921K, 37% free 5772K/9152K, paused 3ms+9ms, total 54ms
02-10 17:50:42.101 D/dalvikvm( 2529): GC_CONCURRENT freed 1891K, 37% free 5804K/9152K, paused 3ms+7ms, total 51ms
02-10 17:50:52.771 D/dalvikvm( 2529): GC_CONCURRENT freed 1927K, 37% free 5806K/9152K, paused 2ms+6ms, total 68ms
02-10 17:51:03.041 D/dalvikvm( 2529): GC_CONCURRENT freed 1927K, 37% free 5804K/9152K, paused 2ms+8ms, total 52ms
02-10 17:51:13.491 D/dalvikvm( 2529): GC_CONCURRENT freed 1925K, 37% free 5801K/9152K, paused 1ms+7ms, total 39ms
02-10 17:51:23.861 D/dalvikvm( 2529): GC_CONCURRENT freed 1922K, 37% free 5800K/9152K, paused 3ms+8ms, total 47ms
02-10 17:51:34.551 D/dalvikvm( 2529): GC_CONCURRENT freed 1927K, 37% free 5797K/9152K, paused 1ms+7ms, total 47ms
02-10 17:51:45.301 D/dalvikvm( 2529): GC_CONCURRENT freed 1917K, 37% free 5802K/9152K, paused 1ms+6ms, total 46ms
02-10 17:51:56.021 D/dalvikvm( 2529): GC_CONCURRENT freed 1923K, 37% free 5802K/9152K, paused 3ms+6ms, total 44ms
02-10 17:52:06.551 D/dalvikvm( 2529): GC_CONCURRENT freed 1922K, 37% free 5804K/9152K, paused 2ms+6ms, total 50ms
02-10 17:52:17.331 D/dalvikvm( 2529): GC_CONCURRENT freed 1924K, 37% free 5804K/9152K, paused 2ms+8ms, total 53ms
02-10 17:52:27.741 D/dalvikvm( 2529): GC_CONCURRENT freed 1926K, 37% free 5803K/9152K, paused 1ms+5ms, total 43ms
02-10 17:52:37.691 D/dalvikvm( 2529): GC_CONCURRENT freed 1954K, 37% free 5772K/9152K, paused 2ms+5ms, total 53ms
02-10 17:52:38.141 I/ActivityManager( 1521): Start proc org.cocos2dx.FishGame:bdservice_v1 for service org.cocos2dx.FishGame/com.baidu.android.pushservice.PushService: pid=3228 uid=10050 gids={50050, 3003, 1015, 1028, 1006}
02-10 17:52:38.151 I/dalvikvm( 3228): Turning on JNI app bug workarounds for target SDK version 13...
02-10 17:52:38.171 E/Trace   ( 3228): error opening trace file: No such file or directory (2)
02-10 17:52:38.291 D/dalvikvm( 3228): Trying to load lib /data/app-lib/org.cocos2dx.FishGame-1/libmegjb.so 0x4138b8b0
02-10 17:52:38.291 D/dalvikvm( 3228): Added shared lib /data/app-lib/org.cocos2dx.FishGame-1/libmegjb.so 0x4138b8b0
02-10 17:52:39.531 D/dalvikvm( 3228): DexOpt: --- BEGIN 'app_sdk32280_.jar' (bootstrap=0) ---
02-10 17:52:39.611 D/dalvikvm( 3247): DexOpt: load 16ms, verify+opt 1ms, 175500 bytes
02-10 17:52:39.661 D/dalvikvm( 3228): DexOpt: --- END 'app_sdk32280_.jar' (success) ---
02-10 17:52:39.661 D/dalvikvm( 3228): DEX prep '/data/data/org.cocos2dx.FishGame/files/app_sdk32280_.jar': unzip in 2ms, rewrite 126ms
02-10 17:52:39.761 D/dalvikvm( 3228): Trying to load lib /data/app-lib/org.cocos2dx.FishGame-1/libpush-socket.so 0x4138b8b0
02-10 17:52:39.761 D/dalvikvm( 3228): Added shared lib /data/app-lib/org.cocos2dx.FishGame-1/libpush-socket.so 0x4138b8b0
02-10 17:52:39.761 D/dalvikvm( 3228): No JNI_OnLoad found in /data/app-lib/org.cocos2dx.FishGame-1/libpush-socket.so 0x4138b8b0, skipping init
02-10 17:52:39.761 I/Process ( 3228): Sending signal. PID: 3228 SIG: 9
02-10 17:52:39.771 I/ActivityManager( 1521): Process org.cocos2dx.FishGame:bdservice_v1 (pid 3228) has died.
02-10 17:52:48.111 D/dalvikvm( 2529): GC_CONCURRENT freed 1927K, 37% free 5771K/9152K, paused 2ms+6ms, total 47ms
02-10 17:52:58.411 D/dalvikvm( 2529): GC_CONCURRENT freed 1925K, 37% free 5768K/9152K, paused 2ms+7ms, total 43ms
02-10 17:52:58.661 W/ThrottleService( 1521): unable to find stats for iface ppp0
02-10 17:53:07.951 D/dalvikvm( 2529): GC_CONCURRENT freed 1922K, 37% free 5770K/9152K, paused 2ms+9ms, total 45ms
02-10 17:53:18.001 D/dalvikvm( 2529): GC_CONCURRENT freed 1919K, 37% free 5792K/9152K, paused 2ms+6ms, total 58ms
02-10 17:53:28.121 D/dalvikvm( 2529): GC_CONCURRENT freed 1942K, 37% free 5793K/9152K, paused 4ms+5ms, total 49ms
02-10 17:53:38.041 D/dalvikvm( 2529): GC_CONCURRENT freed 1944K, 37% free 5772K/9152K, paused 4ms+7ms, total 46ms
02-10 17:53:48.391 D/dalvikvm( 2529): GC_CONCURRENT freed 1916K, 37% free 5781K/9152K, paused 2ms+7ms, total 42ms
02-10 17:53:57.991 D/dalvikvm( 2529): GC_CONCURRENT freed 1932K, 37% free 5774K/9152K, paused 2ms+8ms, total 39ms
02-10 17:54:07.811 D/dalvikvm( 2529): GC_CONCURRENT freed 1915K, 37% free 5781K/9152K, paused 3ms+8ms, total 44ms
02-10 17:54:18.231 D/dalvikvm( 2529): GC_CONCURRENT freed 1902K, 37% free 5800K/9152K, paused 3ms+7ms, total 41ms
02-10 17:54:28.621 D/dalvikvm( 2529): GC_CONCURRENT freed 1920K, 37% free 5801K/9152K, paused 3ms+6ms, total 49ms
02-10 17:54:38.891 D/dalvikvm( 2529): GC_CONCURRENT freed 1925K, 37% free 5801K/9152K, paused 3ms+9ms, total 48ms
02-10 17:54:49.321 D/dalvikvm( 2529): GC_CONCURRENT freed 1921K, 37% free 5804K/9152K, paused 3ms+6ms, total 44ms
02-10 17:54:59.631 D/dalvikvm( 2529): GC_CONCURRENT freed 1926K, 37% free 5803K/9152K, paused 2ms+6ms, total 43ms
02-10 17:55:09.851 D/dalvikvm( 2529): GC_CONCURRENT freed 1926K, 37% free 5801K/9152K, paused 2ms+14ms, total 53ms
02-10 17:55:20.381 D/dalvikvm( 2529): GC_CONCURRENT freed 1921K, 37% free 5804K/9152K, paused 4ms+7ms, total 52ms
02-10 17:55:30.841 D/dalvikvm( 2529): GC_CONCURRENT freed 1924K, 37% free 5804K/9152K, paused 3ms+6ms, total 51ms
02-10 17:55:34.491 I/dalvikvm( 2529): Jit: resizing JitTable from 4096 to 8192
02-10 17:55:41.191 D/dalvikvm( 2529): GC_CONCURRENT freed 1924K, 37% free 5802K/9152K, paused 3ms+7ms, total 44ms
02-10 17:55:51.741 D/dalvikvm( 2529): GC_CONCURRENT freed 1924K, 37% free 5801K/9152K, paused 4ms+7ms, total 49ms
02-10 17:56:02.461 D/dalvikvm( 2529): GC_CONCURRENT freed 1921K, 37% free 5800K/9152K, paused 3ms+8ms, total 43ms
02-10 17:56:12.731 D/dalvikvm( 2529): GC_CONCURRENT freed 1948K, 37% free 5777K/9152K, paused 2ms+7ms, total 49ms
02-10 17:56:22.981 D/dalvikvm( 2529): GC_CONCURRENT freed 1931K, 37% free 5768K/9152K, paused 3ms+7ms, total 45ms
02-10 17:56:33.151 D/dalvikvm( 2529): GC_CONCURRENT freed 1940K, 37% free 5771K/9152K, paused 3ms+15ms, total 51ms
02-10 17:56:43.391 D/dalvikvm( 2529): GC_CONCURRENT freed 1926K, 37% free 5771K/9152K, paused 6ms+6ms, total 50ms
02-10 17:56:53.701 D/dalvikvm( 2529): GC_CONCURRENT freed 1926K, 37% free 5771K/9152K, paused 2ms+12ms, total 46ms
02-10 17:57:03.921 D/dalvikvm( 2529): GC_CONCURRENT freed 1926K, 37% free 5769K/9152K, paused 2ms+7ms, total 41ms
02-10 17:57:14.291 D/dalvikvm( 2529): GC_CONCURRENT freed 1923K, 37% free 5768K/9152K, paused 3ms+6ms, total 41ms
02-10 17:57:24.591 D/dalvikvm( 2529): GC_CONCURRENT freed 1922K, 37% free 5771K/9152K, paused 3ms+6ms, total 47ms
02-10 17:57:34.661 D/dalvikvm( 2529): GC_CONCURRENT freed 1956K, 38% free 5763K/9152K, paused 3ms+7ms, total 42ms
02-10 17:57:44.731 D/dalvikvm( 2529): GC_CONCURRENT freed 1927K, 38% free 5762K/9152K, paused 1ms+8ms, total 57ms
02-10 17:57:54.951 D/dalvikvm( 2529): GC_CONCURRENT freed 1922K, 38% free 5761K/9152K, paused 3ms+6ms, total 47ms
02-10 17:58:05.121 D/dalvikvm( 2529): GC_CONCURRENT freed 1922K, 37% free 5768K/9152K, paused 2ms+10ms, total 48ms
02-10 17:58:15.431 D/dalvikvm( 2529): GC_CONCURRENT freed 1903K, 37% free 5791K/9152K, paused 4ms+6ms, total 46ms
02-10 17:58:25.981 D/dalvikvm( 2529): GC_CONCURRENT freed 1911K, 37% free 5804K/9152K, paused 3ms+5ms, total 54ms
02-10 17:58:36.601 D/dalvikvm( 2529): GC_CONCURRENT freed 1925K, 37% free 5801K/9152K, paused 4ms+7ms, total 43ms
02-10 17:58:47.111 D/dalvikvm( 2529): GC_CONCURRENT freed 1922K, 37% free 5800K/9152K, paused 3ms+8ms, total 44ms
02-10 17:58:57.881 D/dalvikvm( 2529): GC_CONCURRENT freed 1924K, 37% free 5804K/9152K, paused 3ms+7ms, total 64ms
02-10 17:59:07.561 D/dalvikvm( 2529): GC_CONCURRENT freed 1924K, 37% free 5804K/9152K, paused 1ms+6ms, total 44ms
02-10 17:59:08.921 D/lights  ( 1521): set_light_battery g_trackball=-1 color=0xff00ff00
02-10 17:59:08.921 D/lights  ( 1521): set_speaker_light_locked colorRGB=FF00FF00, onMS=0, offMS=0
02-10 17:59:08.921 D/lights  ( 1521): start to set red led:0,set green led:255,set blue led:0
02-10 17:59:18.001 D/dalvikvm( 2529): GC_CONCURRENT freed 1924K, 37% free 5804K/9152K, paused 3ms+8ms, total 52ms
02-10 17:59:28.071 D/dalvikvm( 2529): GC_CONCURRENT freed 1926K, 37% free 5806K/9152K, paused 2ms+11ms, total 52ms
02-10 17:59:38.241 D/dalvikvm( 2529): GC_CONCURRENT freed 1926K, 37% free 5804K/9152K, paused 3ms+9ms, total 51ms
02-10 17:59:48.491 D/dalvikvm( 2529): GC_CONCURRENT freed 1924K, 37% free 5805K/9152K, paused 2ms+12ms, total 55ms
02-10 17:59:58.111 D/dalvikvm( 2529): GC_CONCURRENT freed 1924K, 37% free 5804K/9152K, paused 3ms+7ms, total 43ms
02-10 18:00:07.831 D/dalvikvm( 2529): GC_CONCURRENT freed 1923K, 37% free 5806K/9152K, paused 3ms+7ms, total 45ms
02-10 18:00:17.771 D/dalvikvm( 2529): GC_CONCURRENT freed 1955K, 37% free 5774K/9152K, paused 3ms+7ms, total 44ms
02-10 18:00:28.161 D/dalvikvm( 2529): GC_CONCURRENT freed 1927K, 37% free 5767K/9152K, paused 3ms+5ms, total 37ms
02-10 18:00:38.441 D/dalvikvm( 2529): GC_CONCURRENT freed 1921K, 37% free 5768K/9152K, paused 3ms+6ms, total 36ms
02-10 18:00:48.701 D/dalvikvm( 2529): GC_CONCURRENT freed 1923K, 37% free 5767K/9152K, paused 3ms+6ms, total 36ms
02-10 18:00:59.171 D/dalvikvm( 2529): GC_CONCURRENT freed 1925K, 37% free 5768K/9152K, paused 3ms+8ms, total 53ms
02-10 18:01:09.331 D/dalvikvm( 2529): GC_CONCURRENT freed 1926K, 38% free 5763K/9152K, paused 3ms+8ms, total 40ms
02-10 18:01:19.431 D/dalvikvm( 2529): GC_CONCURRENT freed 1905K, 37% free 5786K/9152K, paused 3ms+5ms, total 41ms
02-10 18:01:29.601 D/dalvikvm( 2529): GC_CONCURRENT freed 1939K, 37% free 5771K/9152K, paused 3ms+6ms, total 46ms
02-10 18:01:38.071 I/dalvikvm( 3372): Turning on JNI app bug workarounds for target SDK version 13...
02-10 18:01:38.071 I/ActivityManager( 1521): Start proc org.cocos2dx.FishGame:bdservice_v1 for service org.cocos2dx.FishGame/com.baidu.android.pushservice.PushService: pid=3372 uid=10050 gids={50050, 3003, 1015, 1028, 1006}
02-10 18:01:38.081 I/ActivityManager( 1521): No longer want com.android.email (pid 1932): empty for 1803s
02-10 18:01:38.081 I/ActivityManager( 1521): No longer want com.android.exchange (pid 1950): empty for 1803s
02-10 18:01:38.081 I/ActivityManager( 1521): No longer want com.android.ota (pid 2009): empty for 1803s
02-10 18:01:38.081 I/ActivityManager( 1521): No longer want com.android.mms (pid 1972): empty for 1803s
02-10 18:01:38.081 I/ActivityManager( 1521): No longer want com.android.contacts (pid 1845): empty for 1804s
02-10 18:01:38.081 I/ActivityManager( 1521): No longer want com.android.music (pid 1745): empty for 1808s
02-10 18:01:38.111 W/ActivityManager( 1521): Scheduling restart of crashed service com.android.ota/.OTAService in 5000ms
02-10 18:01:38.141 E/Trace   ( 3372): error opening trace file: No such file or directory (2)
02-10 18:01:38.241 D/dalvikvm( 3372): Trying to load lib /data/app-lib/org.cocos2dx.FishGame-1/libmegjb.so 0x4138c7d8
02-10 18:01:38.241 D/dalvikvm( 3372): Added shared lib /data/app-lib/org.cocos2dx.FishGame-1/libmegjb.so 0x4138c7d8
02-10 18:01:39.481 D/dalvikvm( 3372): DexOpt: --- BEGIN 'app_sdk33720_.jar' (bootstrap=0) ---
02-10 18:01:39.571 D/dalvikvm( 3392): DexOpt: load 16ms, verify+opt 1ms, 175500 bytes
02-10 18:01:39.601 D/dalvikvm( 3372): DexOpt: --- END 'app_sdk33720_.jar' (success) ---
02-10 18:01:39.601 D/dalvikvm( 3372): DEX prep '/data/data/org.cocos2dx.FishGame/files/app_sdk33720_.jar': unzip in 2ms, rewrite 120ms
02-10 18:01:39.691 D/dalvikvm( 3372): Trying to load lib /data/app-lib/org.cocos2dx.FishGame-1/libpush-socket.so 0x4138c7d8
02-10 18:01:39.691 D/dalvikvm( 3372): Added shared lib /data/app-lib/org.cocos2dx.FishGame-1/libpush-socket.so 0x4138c7d8
02-10 18:01:39.691 D/dalvikvm( 3372): No JNI_OnLoad found in /data/app-lib/org.cocos2dx.FishGame-1/libpush-socket.so 0x4138c7d8, skipping init
02-10 18:01:39.711 I/Process ( 3372): Sending signal. PID: 3372 SIG: 9
02-10 18:01:39.731 I/ActivityManager( 1521): Process org.cocos2dx.FishGame:bdservice_v1 (pid 3372) has died.
02-10 18:01:40.241 D/dalvikvm( 2529): GC_CONCURRENT freed 1925K, 37% free 5768K/9152K, paused 3ms+7ms, total 39ms
02-10 18:01:43.121 I/ActivityManager( 1521): Start proc com.android.ota for service com.android.ota/.OTAService: pid=3396 uid=1000 gids={41000, 1007, 1015, 1028, 3002, 3001, 3003}
02-10 18:01:43.171 E/Trace   ( 3396): error opening trace file: No such file or directory (2)
02-10 18:01:50.911 D/dalvikvm( 2529): GC_CONCURRENT freed 1902K, 37% free 5790K/9152K, paused 2ms+6ms, total 44ms
02-10 18:02:01.341 D/dalvikvm( 2529): GC_CONCURRENT freed 1912K, 37% free 5801K/9152K, paused 3ms+8ms, total 45ms
02-10 18:02:11.471 D/dalvikvm( 2529): GC_CONCURRENT freed 1925K, 37% free 5801K/9152K, paused 3ms+7ms, total 52ms
02-10 18:02:21.591 D/dalvikvm( 2529): GC_CONCURRENT freed 1922K, 37% free 5800K/9152K, paused 2ms+6ms, total 40ms
02-10 18:02:31.671 D/dalvikvm( 2529): GC_CONCURRENT freed 1921K, 37% free 5800K/9152K, paused 3ms+9ms, total 46ms
02-10 18:02:41.861 D/dalvikvm( 2529): GC_CONCURRENT freed 1921K, 37% free 5804K/9152K, paused 3ms+6ms, total 51ms
02-10 18:02:52.431 D/dalvikvm( 2529): GC_CONCURRENT freed 1927K, 37% free 5804K/9152K, paused 3ms+7ms, total 64ms
02-10 18:02:58.661 I/ActivityManager( 1521): No longer want com.android.calendar (pid 2054): empty for 1829s
02-10 18:02:58.661 I/ActivityManager( 1521): No longer want com.android.musicfx (pid 2159): empty for 1828s
02-10 18:02:58.661 I/ActivityManager( 1521): No longer want com.android.deskclock (pid 1916): empty for 1830s
02-10 18:02:58.661 I/ActivityManager( 1521): No longer want com.android.quicksearchbox (pid 2103): empty for 1854s
02-10 18:02:58.661 I/ActivityManager( 1521): No longer want com.android.gallery3d (pid 2088): empty for 1854s
02-10 18:02:58.661 I/ActivityManager( 1521): No longer want android.process.acore (pid 1768): empty for 1854s
02-10 18:02:58.671 I/ActivityManager( 1521): No longer want com.android.voicedialer (pid 2042): empty for 1854s
02-10 18:02:58.671 W/ThrottleService( 1521): unable to find stats for iface ppp0
02-10 18:02:58.721 D/CountryDetector( 1521): No listener is left
02-10 18:03:03.121 D/dalvikvm( 2529): GC_CONCURRENT freed 1928K, 37% free 5802K/9152K, paused 3ms+6ms, total 50ms
02-10 18:03:13.611 D/dalvikvm( 2529): GC_CONCURRENT freed 1925K, 37% free 5801K/9152K, paused 1ms+9ms, total 53ms
02-10 18:03:24.051 D/dalvikvm( 2529): GC_CONCURRENT freed 1921K, 37% free 5804K/9152K, paused 2ms+6ms, total 41ms
02-10 18:03:34.491 D/dalvikvm( 2529): GC_CONCURRENT freed 1923K, 37% free 5802K/9152K, paused 4ms+6ms, total 41ms
02-10 18:03:44.881 D/dalvikvm( 2529): GC_CONCURRENT freed 1925K, 37% free 5801K/9152K, paused 3ms+6ms, total 49ms
02-10 18:03:55.011 D/dalvikvm( 2529): GC_CONCURRENT freed 1946K, 37% free 5782K/9152K, paused 5ms+7ms, total 39ms
02-10 18:04:05.241 D/dalvikvm( 2529): GC_CONCURRENT freed 1946K, 37% free 5768K/9152K, paused 4ms+6ms, total 40ms
02-10 18:04:15.521 D/dalvikvm( 2529): GC_CONCURRENT freed 1929K, 38% free 5764K/9152K, paused 3ms+7ms, total 56ms
02-10 18:04:25.851 D/dalvikvm( 2529): GC_CONCURRENT freed 1929K, 38% free 5758K/9152K, paused 2ms+5ms, total 36ms
02-10 18:04:36.091 D/dalvikvm( 2529): GC_CONCURRENT freed 1915K, 37% free 5767K/9152K, paused 2ms+7ms, total 44ms
02-10 18:04:46.751 D/dalvikvm( 2529): GC_CONCURRENT freed 1924K, 37% free 5774K/9152K, paused 2ms+5ms, total 38ms
02-10 18:04:57.151 D/dalvikvm( 2529): GC_CONCURRENT freed 1929K, 37% free 5768K/9152K, paused 4ms+6ms, total 44ms
02-10 18:05:06.981 D/dalvikvm( 2529): GC_CONCURRENT freed 1923K, 37% free 5778K/9152K, paused 3ms+7ms, total 45ms
02-10 18:05:17.211 D/dalvikvm( 2529): GC_CONCURRENT freed 1935K, 37% free 5771K/9152K, paused 2ms+8ms, total 66ms
02-10 18:05:28.081 D/dalvikvm( 2529): GC_CONCURRENT freed 1892K, 37% free 5804K/9152K, paused 3ms+9ms, total 62ms
02-10 18:05:38.401 D/dalvikvm( 2529): GC_CONCURRENT freed 1924K, 37% free 5804K/9152K, paused 2ms+7ms, total 51ms
02-10 18:05:49.101 D/dalvikvm( 2529): GC_CONCURRENT freed 1927K, 37% free 5805K/9152K, paused 2ms+6ms, total 65ms
02-10 18:05:58.911 D/dalvikvm( 2529): GC_CONCURRENT freed 1926K, 37% free 5804K/9152K, paused 3ms+8ms, total 50ms
02-10 18:06:09.001 D/dalvikvm( 2529): GC_CONCURRENT freed 1925K, 37% free 5804K/9152K, paused 3ms+6ms, total 44ms
02-10 18:06:19.291 D/dalvikvm( 2529): GC_CONCURRENT freed 1925K, 37% free 5801K/9152K, paused 3ms+6ms, total 39ms
02-10 18:06:29.841 D/dalvikvm( 2529): GC_CONCURRENT freed 1922K, 37% free 5800K/9152K, paused 1ms+8ms, total 42ms
02-10 18:06:40.301 D/dalvikvm( 2529): GC_CONCURRENT freed 1921K, 37% free 5804K/9152K, paused 3ms+6ms, total 55ms
02-10 18:06:50.991 D/dalvikvm( 2529): GC_CONCURRENT freed 1926K, 37% free 5805K/9152K, paused 3ms+6ms, total 61ms
02-10 18:07:01.951 D/dalvikvm( 2529): GC_CONCURRENT freed 1927K, 37% free 5803K/9152K, paused 3ms+16ms, total 68ms
02-10 18:07:12.341 D/dalvikvm( 2529): GC_CONCURRENT freed 1925K, 37% free 5801K/9152K, paused 5ms+10ms, total 55ms
02-10 18:07:22.561 D/dalvikvm( 2529): GC_CONCURRENT freed 1937K, 37% free 5784K/9152K, paused 3ms+6ms, total 41ms
02-10 18:07:32.671 D/dalvikvm( 2529): GC_CONCURRENT freed 1938K, 37% free 5771K/9152K, paused 3ms+6ms, total 52ms
02-10 18:07:42.901 D/dalvikvm( 2529): GC_CONCURRENT freed 1925K, 37% free 5768K/9152K, paused 2ms+6ms, total 34ms
02-10 18:07:52.841 D/dalvikvm( 2529): GC_CONCURRENT freed 1923K, 37% free 5768K/9152K, paused 2ms+7ms, total 47ms
02-10 18:08:03.231 D/dalvikvm( 2529): GC_CONCURRENT freed 1922K, 37% free 5768K/9152K, paused 1ms+13ms, total 52ms
02-10 18:08:13.631 D/dalvikvm( 2529): GC_CONCURRENT freed 1924K, 37% free 5768K/9152K, paused 1ms+8ms, total 47ms
02-10 18:08:23.881 D/dalvikvm( 2529): GC_CONCURRENT freed 1922K, 37% free 5769K/9152K, paused 2ms+7ms, total 43ms
02-10 18:08:34.091 D/dalvikvm( 2529): GC_CONCURRENT freed 1923K, 37% free 5769K/9152K, paused 2ms+7ms, total 45ms
02-10 18:08:44.181 D/dalvikvm( 2529): GC_CONCURRENT freed 1925K, 37% free 5771K/9152K, paused 2ms+6ms, total 66ms
02-10 18:08:54.581 D/dalvikvm( 2529): GC_CONCURRENT freed 1919K, 37% free 5776K/9152K, paused 2ms+6ms, total 39ms
02-10 18:09:05.381 D/dalvikvm( 2529): GC_CONCURRENT freed 1928K, 37% free 5793K/9152K, paused 3ms+7ms, total 42ms
02-10 18:09:15.691 D/dalvikvm( 2529): GC_CONCURRENT freed 1921K, 37% free 5796K/9152K, paused 2ms+7ms, total 46ms
02-10 18:09:26.091 D/dalvikvm( 2529): GC_CONCURRENT freed 1924K, 37% free 5798K/9152K, paused 3ms+8ms, total 56ms
02-10 18:09:36.741 D/dalvikvm( 2529): GC_CONCURRENT freed 1922K, 37% free 5800K/9152K, paused 4ms+6ms, total 54ms
02-10 18:09:47.541 D/dalvikvm( 2529): GC_CONCURRENT freed 1921K, 37% free 5801K/9152K, paused 2ms+6ms, total 42ms
02-10 18:09:58.121 D/dalvikvm( 2529): GC_CONCURRENT freed 1921K, 37% free 5803K/9152K, paused 3ms+13ms, total 50ms
02-10 18:10:08.591 D/dalvikvm( 2529): GC_CONCURRENT freed 1924K, 37% free 5804K/9152K, paused 3ms+6ms, total 43ms
02-10 18:10:19.181 D/dalvikvm( 2529): GC_CONCURRENT freed 1925K, 37% free 5801K/9152K, paused 3ms+7ms, total 49ms
02-10 18:10:29.671 D/dalvikvm( 2529): GC_CONCURRENT freed 1922K, 37% free 5803K/9152K, paused 3ms+5ms, total 48ms
02-10 18:10:37.981 I/ActivityManager( 1521): Start proc org.cocos2dx.FishGame:bdservice_v1 for service org.cocos2dx.FishGame/com.baidu.android.pushservice.PushService: pid=3536 uid=10050 gids={50050, 3003, 1015, 1028, 1006}
02-10 18:10:38.001 I/dalvikvm( 3536): Turning on JNI app bug workarounds for target SDK version 13...
02-10 18:10:38.031 E/Trace   ( 3536): error opening trace file: No such file or directory (2)
02-10 18:10:38.141 D/dalvikvm( 3536): Trying to load lib /data/app-lib/org.cocos2dx.FishGame-1/libmegjb.so 0x4138e440
02-10 18:10:38.141 D/dalvikvm( 3536): Added shared lib /data/app-lib/org.cocos2dx.FishGame-1/libmegjb.so 0x4138e440
02-10 18:10:39.371 D/dalvikvm( 3536): DexOpt: --- BEGIN 'app_sdk35360_.jar' (bootstrap=0) ---
02-10 18:10:39.461 D/dalvikvm( 3556): DexOpt: load 17ms, verify+opt 2ms, 175500 bytes
02-10 18:10:39.511 D/dalvikvm( 3536): DexOpt: --- END 'app_sdk35360_.jar' (success) ---
02-10 18:10:39.511 D/dalvikvm( 3536): DEX prep '/data/data/org.cocos2dx.FishGame/files/app_sdk35360_.jar': unzip in 5ms, rewrite 136ms
02-10 18:10:39.621 D/dalvikvm( 3536): Trying to load lib /data/app-lib/org.cocos2dx.FishGame-1/libpush-socket.so 0x4138e440
02-10 18:10:39.621 D/dalvikvm( 3536): Added shared lib /data/app-lib/org.cocos2dx.FishGame-1/libpush-socket.so 0x4138e440
02-10 18:10:39.621 D/dalvikvm( 3536): No JNI_OnLoad found in /data/app-lib/org.cocos2dx.FishGame-1/libpush-socket.so 0x4138e440, skipping init
02-10 18:10:39.631 I/Process ( 3536): Sending signal. PID: 3536 SIG: 9
02-10 18:10:39.641 I/ActivityManager( 1521): Process org.cocos2dx.FishGame:bdservice_v1 (pid 3536) has died.
02-10 18:10:40.281 D/dalvikvm( 2529): GC_CONCURRENT freed 1926K, 37% free 5802K/9152K, paused 4ms+7ms, total 53ms
02-10 18:10:50.901 D/dalvikvm( 2529): GC_CONCURRENT freed 1922K, 37% free 5800K/9152K, paused 3ms+6ms, total 45ms
02-10 18:11:00.471 D/dalvikvm( 2529): GC_CONCURRENT freed 1947K, 37% free 5775K/9152K, paused 3ms+8ms, total 46ms
02-10 18:11:09.841 D/dalvikvm( 2529): GC_CONCURRENT freed 1944K, 37% free 5771K/9152K, paused 3ms+7ms, total 48ms
02-10 18:11:20.171 D/dalvikvm( 2529): GC_CONCURRENT freed 1926K, 37% free 5767K/9152K, paused 3ms+6ms, total 36ms
02-10 18:11:30.001 D/dalvikvm( 2529): GC_CONCURRENT freed 1920K, 37% free 5773K/9152K, paused 4ms+7ms, total 45ms
02-10 18:11:40.201 D/dalvikvm( 2529): GC_CONCURRENT freed 1929K, 38% free 5764K/9152K, paused 5ms+6ms, total 41ms
02-10 18:11:50.131 D/dalvikvm( 2529): GC_CONCURRENT freed 1918K, 37% free 5775K/9152K, paused 1ms+16ms, total 60ms
02-10 18:11:59.621 D/dalvikvm( 2529): GC_CONCURRENT freed 1930K, 37% free 5769K/9152K, paused 2ms+12ms, total 50ms
02-10 18:12:09.671 D/dalvikvm( 2529): GC_CONCURRENT freed 1923K, 37% free 5767K/9152K, paused 2ms+5ms, total 37ms
02-10 18:12:19.731 D/dalvikvm( 2529): GC_CONCURRENT freed 1921K, 37% free 5767K/9152K, paused 3ms+6ms, total 39ms
02-10 18:12:25.141 D/dalvikvm( 1521): GC_CONCURRENT freed 1976K, 25% free 7416K/9860K, paused 5ms+7ms, total 82ms
02-10 18:12:30.241 D/dalvikvm( 2529): GC_CONCURRENT freed 1908K, 37% free 5784K/9152K, paused 2ms+6ms, total 51ms
02-10 18:12:40.581 D/dalvikvm( 2529): GC_CONCURRENT freed 1904K, 37% free 5800K/9152K, paused 2ms+7ms, total 39ms
02-10 18:12:51.131 D/dalvikvm( 2529): GC_CONCURRENT freed 1920K, 37% free 5804K/9152K, paused 3ms+7ms, total 48ms
02-10 18:12:58.681 W/ThrottleService( 1521): unable to find stats for iface ppp0
02-10 18:13:01.551 D/dalvikvm( 2529): GC_CONCURRENT freed 1923K, 37% free 5805K/9152K, paused 3ms+6ms, total 54ms
02-10 18:13:11.761 D/dalvikvm( 2529): GC_CONCURRENT freed 1926K, 37% free 5802K/9152K, paused 2ms+8ms, total 47ms
02-10 18:13:21.801 D/dalvikvm( 2529): GC_CONCURRENT freed 1924K, 37% free 5803K/9152K, paused 2ms+10ms, total 55ms
02-10 18:13:31.411 D/dalvikvm( 2529): GC_CONCURRENT freed 1923K, 37% free 5804K/9152K, paused 3ms+6ms, total 45ms
02-10 18:13:41.651 D/dalvikvm( 2529): GC_CONCURRENT freed 1925K, 37% free 5801K/9152K, paused 3ms+9ms, total 46ms
02-10 18:13:51.891 D/dalvikvm( 2529): GC_CONCURRENT freed 1924K, 37% free 5802K/9152K, paused 3ms+7ms, total 51ms
02-10 18:14:02.241 D/dalvikvm( 2529): GC_CONCURRENT freed 1922K, 37% free 5808K/9152K, paused 6ms+9ms, total 51ms
02-10 18:14:12.721 D/dalvikvm( 2529): GC_CONCURRENT freed 1928K, 37% free 5804K/9152K, paused 3ms+8ms, total 48ms
02-10 18:14:23.041 D/dalvikvm( 2529): GC_CONCURRENT freed 1923K, 37% free 5805K/9152K, paused 7ms+6ms, total 59ms
02-10 18:14:33.501 D/dalvikvm( 2529): GC_CONCURRENT freed 1949K, 37% free 5782K/9152K, paused 3ms+7ms, total 53ms
02-10 18:14:44.001 D/dalvikvm( 2529): GC_CONCURRENT freed 1939K, 37% free 5769K/9152K, paused 2ms+15ms, total 59ms
02-10 18:14:54.331 D/dalvikvm( 2529): GC_CONCURRENT freed 1927K, 38% free 5763K/9152K, paused 3ms+5ms, total 34ms
02-10 18:15:04.871 D/dalvikvm( 2529): GC_CONCURRENT freed 1918K, 37% free 5768K/9152K, paused 4ms+6ms, total 47ms
02-10 18:15:15.271 D/dalvikvm( 2529): GC_CONCURRENT freed 1922K, 37% free 5767K/9152K, paused 3ms+6ms, total 41ms
02-10 18:15:25.711 D/dalvikvm( 2529): GC_CONCURRENT freed 1962K, 37% free 5773K/9152K, paused 2ms+7ms, total 77ms
02-10 18:15:36.211 D/dalvikvm( 2529): GC_CONCURRENT freed 1934K, 38% free 5765K/9152K, paused 3ms+8ms, total 46ms
02-10 18:15:46.421 D/dalvikvm( 2529): GC_CONCURRENT freed 1926K, 38% free 5761K/9152K, paused 4ms+6ms, total 42ms
02-10 18:15:56.911 D/dalvikvm( 2529): GC_CONCURRENT freed 1923K, 38% free 5761K/9152K, paused 2ms+5ms, total 36ms
02-10 18:16:07.471 D/dalvikvm( 2529): GC_CONCURRENT freed 1902K, 37% free 5780K/9152K, paused 3ms+7ms, total 44ms
02-10 18:16:17.981 D/dalvikvm( 2529): GC_CONCURRENT freed 1906K, 37% free 5799K/9152K, paused 2ms+7ms, total 48ms
02-10 18:16:28.411 D/dalvikvm( 2529): GC_CONCURRENT freed 1920K, 37% free 5800K/9152K, paused 3ms+7ms, total 41ms
02-10 18:16:38.831 D/dalvikvm( 2529): GC_CONCURRENT freed 1921K, 37% free 5803K/9152K, paused 3ms+8ms, total 54ms
02-10 18:16:49.361 D/dalvikvm( 2529): GC_CONCURRENT freed 1923K, 37% free 5800K/9152K, paused 2ms+6ms, total 43ms
02-10 18:16:59.221 D/dalvikvm( 2529): GC_CONCURRENT freed 1923K, 37% free 5804K/9152K, paused 1ms+8ms, total 51ms
02-10 18:17:09.021 D/dalvikvm( 2529): GC_CONCURRENT freed 1926K, 37% free 5802K/9152K, paused 3ms+11ms, total 48ms
02-10 18:17:19.511 D/dalvikvm( 2529): GC_CONCURRENT freed 1921K, 37% free 5800K/9152K, paused 2ms+6ms, total 34ms
02-10 18:17:29.271 D/dalvikvm( 2529): GC_CONCURRENT freed 1924K, 37% free 5801K/9152K, paused 3ms+6ms, total 47ms
02-10 18:17:39.631 D/dalvikvm( 2529): GC_CONCURRENT freed 1924K, 37% free 5801K/9152K, paused 1ms+6ms, total 53ms
02-10 18:17:49.331 D/dalvikvm( 2529): GC_CONCURRENT freed 1924K, 37% free 5804K/9152K, paused 3ms+12ms, total 69ms
02-10 18:17:59.301 D/dalvikvm( 2529): GC_CONCURRENT freed 1924K, 37% free 5805K/9152K, paused 2ms+6ms, total 52ms
02-10 18:18:09.321 D/dalvikvm( 2529): GC_CONCURRENT freed 1952K, 37% free 5778K/9152K, paused 1ms+10ms, total 47ms
02-10 18:18:19.491 D/dalvikvm( 2529): GC_CONCURRENT freed 1933K, 37% free 5768K/9152K, paused 5ms+6ms, total 37ms
02-10 18:18:29.761 D/dalvikvm( 2529): GC_CONCURRENT freed 1926K, 38% free 5764K/9152K, paused 3ms+6ms, total 46ms
02-10 18:18:40.161 D/dalvikvm( 2529): GC_CONCURRENT freed 1922K, 37% free 5768K/9152K, paused 2ms+11ms, total 55ms
02-10 18:18:50.371 D/dalvikvm( 2529): GC_CONCURRENT freed 1923K, 37% free 5767K/9152K, paused 2ms+6ms, total 39ms
02-10 18:19:00.671 D/dalvikvm( 2529): GC_CONCURRENT freed 1922K, 37% free 5767K/9152K, paused 3ms+6ms, total 35ms
02-10 18:19:11.041 D/dalvikvm( 2529): GC_CONCURRENT freed 1925K, 37% free 5775K/9152K, paused 2ms+15ms, total 51ms
02-10 18:19:21.311 D/dalvikvm( 2529): GC_CONCURRENT freed 1932K, 37% free 5771K/9152K, paused 2ms+7ms, total 54ms
02-10 18:19:31.531 D/dalvikvm( 2529): GC_CONCURRENT freed 1926K, 37% free 5771K/9152K, paused 3ms+9ms, total 44ms
02-10 18:19:37.911 I/ActivityManager( 1521): Start proc org.cocos2dx.FishGame:bdservice_v1 for service org.cocos2dx.FishGame/com.baidu.android.pushservice.PushService: pid=3680 uid=10050 gids={50050, 3003, 1015, 1028, 1006}
02-10 18:19:37.921 I/dalvikvm( 3680): Turning on JNI app bug workarounds for target SDK version 13...
02-10 18:19:37.941 E/Trace   ( 3680): error opening trace file: No such file or directory (2)
02-10 18:19:38.051 D/dalvikvm( 3680): Trying to load lib /data/app-lib/org.cocos2dx.FishGame-1/libmegjb.so 0x4138f268
02-10 18:19:38.051 D/dalvikvm( 3680): Added shared lib /data/app-lib/org.cocos2dx.FishGame-1/libmegjb.so 0x4138f268
02-10 18:19:39.291 D/dalvikvm( 3680): DexOpt: --- BEGIN 'app_sdk36800_.jar' (bootstrap=0) ---
02-10 18:19:39.381 D/dalvikvm( 3701): DexOpt: load 19ms, verify+opt 1ms, 175500 bytes
02-10 18:19:39.421 D/dalvikvm( 3680): DexOpt: --- END 'app_sdk36800_.jar' (success) ---
02-10 18:19:39.421 D/dalvikvm( 3680): DEX prep '/data/data/org.cocos2dx.FishGame/files/app_sdk36800_.jar': unzip in 1ms, rewrite 129ms
02-10 18:19:39.521 D/dalvikvm( 3680): Trying to load lib /data/app-lib/org.cocos2dx.FishGame-1/libpush-socket.so 0x4138f268
02-10 18:19:39.521 D/dalvikvm( 3680): Added shared lib /data/app-lib/org.cocos2dx.FishGame-1/libpush-socket.so 0x4138f268
02-10 18:19:39.521 D/dalvikvm( 3680): No JNI_OnLoad found in /data/app-lib/org.cocos2dx.FishGame-1/libpush-socket.so 0x4138f268, skipping init
02-10 18:19:39.521 I/Process ( 3680): Sending signal. PID: 3680 SIG: 9
02-10 18:19:39.531 I/ActivityManager( 1521): Process org.cocos2dx.FishGame:bdservice_v1 (pid 3680) has died.
02-10 18:19:41.971 D/dalvikvm( 2529): GC_CONCURRENT freed 1926K, 37% free 5768K/9152K, paused 1ms+6ms, total 36ms
02-10 18:19:52.271 D/dalvikvm( 2529): GC_CONCURRENT freed 1923K, 37% free 5767K/9152K, paused 3ms+6ms, total 40ms
02-10 18:20:02.471 D/dalvikvm( 2529): GC_CONCURRENT freed 1922K, 37% free 5768K/9152K, paused 3ms+6ms, total 39ms
02-10 18:20:12.661 D/dalvikvm( 2529): GC_CONCURRENT freed 1899K, 37% free 5790K/9152K, paused 2ms+6ms, total 42ms
02-10 18:20:23.291 D/dalvikvm( 2529): GC_CONCURRENT freed 1913K, 37% free 5802K/9152K, paused 5ms+6ms, total 57ms
02-10 18:20:34.201 D/dalvikvm( 2529): GC_CONCURRENT freed 1922K, 37% free 5803K/9152K, paused 2ms+7ms, total 48ms
02-10 18:20:45.041 D/dalvikvm( 2529): GC_CONCURRENT freed 1924K, 37% free 5804K/9152K, paused 3ms+8ms, total 47ms
02-10 18:20:55.461 D/dalvikvm( 2529): GC_CONCURRENT freed 1924K, 37% free 5802K/9152K, paused 1ms+6ms, total 42ms
02-10 18:21:05.881 D/dalvikvm( 2529): GC_CONCURRENT freed 1921K, 37% free 5802K/9152K, paused 2ms+6ms, total 42ms
02-10 18:21:16.201 D/dalvikvm( 2529): GC_CONCURRENT freed 1937K, 37% free 5788K/9152K, paused 3ms+6ms, total 40ms
02-10 18:21:26.631 D/dalvikvm( 2529): GC_CONCURRENT freed 1915K, 37% free 5797K/9152K, paused 4ms+6ms, total 49ms
02-10 18:21:37.431 D/dalvikvm( 2529): GC_CONCURRENT freed 1926K, 37% free 5795K/9152K, paused 3ms+9ms, total 51ms
02-10 18:21:48.031 D/dalvikvm( 2529): GC_CONCURRENT freed 1922K, 37% free 5795K/9152K, paused 3ms+10ms, total 46ms
02-10 18:21:58.331 D/dalvikvm( 2529): GC_CONCURRENT freed 1924K, 37% free 5801K/9152K, paused 4ms+6ms, total 46ms
02-10 18:22:08.791 D/dalvikvm( 2529): GC_CONCURRENT freed 1932K, 37% free 5791K/9152K, paused 3ms+7ms, total 42ms
02-10 18:22:19.041 D/dalvikvm( 2529): GC_CONCURRENT freed 1952K, 37% free 5775K/9152K, paused 5ms+7ms, total 50ms
02-10 18:22:29.161 D/dalvikvm( 2529): GC_CONCURRENT freed 1930K, 37% free 5767K/9152K, paused 1ms+6ms, total 38ms
02-10 18:22:39.441 D/dalvikvm( 2529): GC_CONCURRENT freed 1922K, 37% free 5768K/9152K, paused 4ms+5ms, total 38ms
02-10 18:22:49.851 D/dalvikvm( 2529): GC_CONCURRENT freed 1923K, 37% free 5767K/9152K, paused 2ms+6ms, total 35ms
02-10 18:22:58.681 W/ThrottleService( 1521): unable to find stats for iface ppp0
02-10 18:22:59.521 D/dalvikvm( 2529): GC_CONCURRENT freed 1921K, 37% free 5770K/9152K, paused 3ms+11ms, total 48ms
02-10 18:23:09.541 D/dalvikvm( 2529): GC_CONCURRENT freed 1920K, 37% free 5774K/9152K, paused 3ms+5ms, total 52ms
02-10 18:23:19.761 D/dalvikvm( 2529): GC_CONCURRENT freed 1931K, 37% free 5766K/9152K, paused 2ms+6ms, total 42ms
02-10 18:23:29.591 D/dalvikvm( 2529): GC_CONCURRENT freed 1917K, 37% free 5771K/9152K, paused 3ms+7ms, total 43ms
02-10 18:23:40.241 D/dalvikvm( 2529): GC_CONCURRENT freed 1926K, 37% free 5767K/9152K, paused 2ms+6ms, total 39ms
02-10 18:23:50.031 D/dalvikvm( 2529): GC_CONCURRENT freed 1890K, 37% free 5801K/9152K, paused 3ms+9ms, total 48ms
02-10 18:23:59.551 D/dalvikvm( 2529): GC_CONCURRENT freed 1922K, 37% free 5801K/9152K, paused 2ms+6ms, total 44ms
02-10 18:24:09.721 D/dalvikvm( 2529): GC_CONCURRENT freed 1922K, 37% free 5801K/9152K, paused 3ms+6ms, total 45ms
02-10 18:24:20.141 D/dalvikvm( 2529): GC_CONCURRENT freed 1923K, 37% free 5801K/9152K, paused 3ms+6ms, total 40ms
02-10 18:24:30.891 D/dalvikvm( 2529): GC_CONCURRENT freed 1922K, 37% free 5800K/9152K, paused 3ms+6ms, total 42ms
02-10 18:24:41.771 D/dalvikvm( 2529): GC_CONCURRENT freed 1923K, 37% free 5801K/9152K, paused 2ms+6ms, total 58ms
02-10 18:24:52.271 D/dalvikvm( 2529): GC_CONCURRENT freed 1921K, 37% free 5801K/9152K, paused 2ms+7ms, total 48ms
02-10 18:25:02.711 D/dalvikvm( 2529): GC_CONCURRENT freed 1923K, 37% free 5805K/9152K, paused 5ms+7ms, total 51ms
02-10 18:25:13.371 D/dalvikvm( 2529): GC_CONCURRENT freed 1928K, 37% free 5802K/9152K, paused 3ms+9ms, total 55ms
02-10 18:25:23.891 D/dalvikvm( 2529): GC_CONCURRENT freed 1924K, 37% free 5802K/9152K, paused 3ms+6ms, total 48ms
02-10 18:25:34.701 D/dalvikvm( 2529): GC_CONCURRENT freed 1921K, 37% free 5804K/9152K, paused 2ms+6ms, total 49ms
02-10 18:25:44.921 D/dalvikvm( 2529): GC_CONCURRENT freed 1940K, 37% free 5785K/9152K, paused 3ms+6ms, total 41ms
02-10 18:25:55.341 D/dalvikvm( 2529): GC_CONCURRENT freed 1940K, 37% free 5767K/9152K, paused 2ms+6ms, total 34ms
02-10 18:26:06.041 D/dalvikvm( 2529): GC_CONCURRENT freed 1925K, 38% free 5764K/9152K, paused 4ms+6ms, total 38ms
02-10 18:26:16.571 D/dalvikvm( 2529): GC_CONCURRENT freed 1931K, 38% free 5758K/9152K, paused 3ms+6ms, total 47ms
02-10 18:26:26.961 D/dalvikvm( 2529): GC_CONCURRENT freed 1922K, 38% free 5757K/9152K, paused 2ms+7ms, total 36ms
02-10 18:26:37.261 D/dalvikvm( 2529): GC_CONCURRENT freed 1919K, 38% free 5764K/9152K, paused 3ms+7ms, total 45ms
02-10 18:26:47.451 D/dalvikvm( 2529): GC_CONCURRENT freed 1925K, 38% free 5763K/9152K, paused 4ms+8ms, total 47ms
02-10 18:26:58.071 D/dalvikvm( 2529): GC_CONCURRENT freed 1940K, 38% free 5765K/9152K, paused 1ms+7ms, total 53ms
02-10 18:27:08.731 D/dalvikvm( 2529): GC_CONCURRENT freed 1925K, 38% free 5764K/9152K, paused 1ms+7ms, total 48ms
02-10 18:27:19.041 D/dalvikvm( 2529): GC_CONCURRENT freed 1925K, 38% free 5764K/9152K, paused 2ms+8ms, total 46ms
02-10 18:27:29.431 D/dalvikvm( 2529): GC_CONCURRENT freed 1937K, 37% free 5768K/9152K, paused 2ms+7ms, total 42ms
02-10 18:27:39.771 D/dalvikvm( 2529): GC_CONCURRENT freed 1922K, 37% free 5770K/9152K, paused 4ms+6ms, total 47ms
02-10 18:27:50.071 D/dalvikvm( 2529): GC_CONCURRENT freed 1905K, 37% free 5788K/9152K, paused 3ms+8ms, total 51ms
02-10 18:28:00.291 D/dalvikvm( 2529): GC_CONCURRENT freed 1908K, 37% free 5804K/9152K, paused 3ms+7ms, total 44ms
02-10 18:28:10.871 D/dalvikvm( 2529): GC_CONCURRENT freed 1924K, 37% free 5804K/9152K, paused 4ms+6ms, total 46ms
02-10 18:28:21.491 D/dalvikvm( 2529): GC_CONCURRENT freed 1926K, 37% free 5806K/9152K, paused 1ms+11ms, total 56ms
02-10 18:28:32.041 D/dalvikvm( 2529): GC_CONCURRENT freed 1925K, 37% free 5801K/9152K, paused 3ms+6ms, total 40ms
02-10 18:28:37.811 I/ActivityManager( 1521): Start proc org.cocos2dx.FishGame:bdservice_v1 for service org.cocos2dx.FishGame/com.baidu.android.pushservice.PushService: pid=3832 uid=10050 gids={50050, 3003, 1015, 1028, 1006}
02-10 18:28:37.821 I/dalvikvm( 3832): Turning on JNI app bug workarounds for target SDK version 13...
02-10 18:28:37.851 E/Trace   ( 3832): error opening trace file: No such file or directory (2)
02-10 18:28:37.961 D/dalvikvm( 3832): Trying to load lib /data/app-lib/org.cocos2dx.FishGame-1/libmegjb.so 0x41390098
02-10 18:28:37.961 D/dalvikvm( 3832): Added shared lib /data/app-lib/org.cocos2dx.FishGame-1/libmegjb.so 0x41390098
02-10 18:28:39.051 D/dalvikvm( 3832): DexOpt: --- BEGIN 'app_sdk38320_.jar' (bootstrap=0) ---
02-10 18:28:39.131 D/dalvikvm( 3852): DexOpt: load 14ms, verify+opt 1ms, 175500 bytes
02-10 18:28:39.191 D/dalvikvm( 3832): DexOpt: --- END 'app_sdk38320_.jar' (success) ---
02-10 18:28:39.191 D/dalvikvm( 3832): DEX prep '/data/data/org.cocos2dx.FishGame/files/app_sdk38320_.jar': unzip in 1ms, rewrite 142ms
02-10 18:28:39.321 D/dalvikvm( 3832): Trying to load lib /data/app-lib/org.cocos2dx.FishGame-1/libpush-socket.so 0x41390098
02-10 18:28:39.321 D/dalvikvm( 3832): Added shared lib /data/app-lib/org.cocos2dx.FishGame-1/libpush-socket.so 0x41390098
02-10 18:28:39.321 D/dalvikvm( 3832): No JNI_OnLoad found in /data/app-lib/org.cocos2dx.FishGame-1/libpush-socket.so 0x41390098, skipping init
02-10 18:28:39.331 I/Process ( 3832): Sending signal. PID: 3832 SIG: 9
02-10 18:28:39.331 I/ActivityManager( 1521): Process org.cocos2dx.FishGame:bdservice_v1 (pid 3832) has died.
02-10 18:28:43.011 D/dalvikvm( 2529): GC_CONCURRENT freed 1924K, 37% free 5802K/9152K, paused 4ms+7ms, total 57ms
02-10 18:28:53.801 D/dalvikvm( 2529): GC_CONCURRENT freed 1925K, 37% free 5805K/9152K, paused 3ms+14ms, total 60ms
02-10 18:29:03.831 D/dalvikvm( 2529): GC_CONCURRENT freed 1924K, 37% free 5802K/9152K, paused 3ms+7ms, total 44ms
02-10 18:29:14.041 D/dalvikvm( 2529): GC_CONCURRENT freed 1924K, 37% free 5802K/9152K, paused 3ms+6ms, total 46ms
02-10 18:29:24.071 D/dalvikvm( 2529): GC_CONCURRENT freed 1923K, 37% free 5807K/9152K, paused 1ms+10ms, total 62ms
02-10 18:29:34.111 D/dalvikvm( 2529): GC_CONCURRENT freed 1927K, 37% free 5801K/9152K, paused 2ms+7ms, total 45ms
02-10 18:29:44.211 D/dalvikvm( 2529): GC_CONCURRENT freed 1924K, 37% free 5802K/9152K, paused 3ms+8ms, total 53ms
02-10 18:29:53.651 D/dalvikvm( 2529): GC_CONCURRENT freed 1952K, 37% free 5771K/9152K, paused 2ms+6ms, total 38ms
02-10 18:30:03.651 D/dalvikvm( 2529): GC_CONCURRENT freed 1926K, 37% free 5768K/9152K, paused 3ms+8ms, total 46ms
02-10 18:30:14.021 D/dalvikvm( 2529): GC_CONCURRENT freed 1922K, 37% free 5767K/9152K, paused 3ms+6ms, total 39ms
02-10 18:30:24.321 D/dalvikvm( 2529): GC_CONCURRENT freed 1925K, 37% free 5767K/9152K, paused 3ms+8ms, total 51ms
02-10 18:30:34.641 D/dalvikvm( 2529): GC_CONCURRENT freed 1926K, 37% free 5767K/9152K, paused 3ms+8ms, total 47ms
02-10 18:30:45.061 D/dalvikvm( 2529): GC_CONCURRENT freed 1922K, 37% free 5767K/9152K, paused 3ms+6ms, total 37ms
02-10 18:30:55.631 D/dalvikvm( 2529): GC_CONCURRENT freed 1939K, 37% free 5771K/9152K, paused 3ms+7ms, total 48ms
02-10 18:31:06.151 D/dalvikvm( 2529): GC_CONCURRENT freed 1925K, 37% free 5770K/9152K, paused 4ms+6ms, total 40ms
02-10 18:31:16.701 D/dalvikvm( 2529): GC_CONCURRENT freed 1923K, 37% free 5771K/9152K, paused 2ms+5ms, total 50ms
02-10 18:31:26.831 D/dalvikvm( 2529): GC_CONCURRENT freed 1915K, 37% free 5782K/9152K, paused 2ms+9ms, total 48ms
02-10 18:31:37.421 D/dalvikvm( 2529): GC_CONCURRENT freed 1910K, 37% free 5793K/9152K, paused 3ms+5ms, total 38ms
[ 3640.172793:0] ------------[ cut here ]------------
[ 3640.177591:0] kernel BUG at mm/slab.c:3073!
[ 3640.181774:0] Internal error: Oops - BUG: 0 [#1] PREEMPT SMP ARM
[ 3640.187761:0] Modules linked in: galcore memalloc hx280enc hx170dec mali ump
[ 3640.194878:0] CPU: 0    Not tainted  (3.4.0-gf4ae326-dirty #1)
[ 3640.200700:0] PC is at cache_free_debugcheck+0x20c/0x284
[ 3640.205993:0] LR is at cache_free_debugcheck+0x80/0x284
[ 3640.211199:0] pc : [<c00a6144>]    lr : [<c00a5fb8>]    psr: 20000093
[ 3640.211205:0] sp : ed601e60  ip : ed601e60  fp : ed601e9c
[ 3640.222987:0] r10: 00000000  r9 : e2768020  r8 : e2768a40
[ 3640.228364:0] r7 : 025be6c6  r6 : 4b7cd8c0  r5 : e2768a40  r4 : ee000120
[ 3640.235039:0] r3 : 02aaaaab  r2 : 00000000  r1 : 00000028  r0 : e2768a40
[ 3640.241715:0] Flags: nzCv  IRQs off  FIQs on  Mode SVC_32  ISA ARM  Segment user
[ 3640.249082:0] Control: 10c53c7d  Table: af46804a  DAC: 00000015
[ 3640.254977:0] 
[ 3640.254979:0] PC: 0xc00a60c4:
[ 3640.259587:0] 60c4  ebfffe0d e1a02008 e1a03007 e59f00e0 e1a01005 e88d0440 eb1061f4 e1a01005
[ 3640.268020:0] 60e4  e1a00004 ebfffca1 e59f60b0 e59f70b0 e1a01005 e1c060f0 e1a00004 ebfffca7
[ 3640.276453:0] 6104  e1c060f0 e5943014 e3130801 0a000004 e1a00004 e1a01005 ebfffc44 e51b3030
[ 3640.284888:0] 6124  e5803000 e599200c e5943010 e0626005 e5941018 e0876396 e1570001 3a000001
[ 3640.293321:0] 6144  e7f001f2 eafffffe e594100c e0222791 e1550002 0a000001 e7f001f2 eafffffe
[ 3640.301753:0] 6164  e0899107 e3e03001 e589301c e5943014 e3130b02 0a000003 e1a00004 e1a01005
[ 3640.310187:0] 6184  e3a0206b ebffff5a e1a00005 e24bd028 e89daff0 c07d4020 635688c0 d84156c5
[ 3640.318621:0] 61a4  9d74e35b 09f91102 c04c9734 c05c813d c05c818e c05c8152 e1a0c00d e92dd8f0
[ 3640.327055:0] 
[ 3640.327058:0] LR: 0xc00a5f38:
[ 3640.331665:0] 5f38  e1a0c00d e92ddff0 e24cb004 e24dd014 e50b2030 e28134c2 e59f2240 e1a04000
[ 3640.340098:0] 5f58  e1a03623 e2433a82 e5922000 e7920283 e0823283 e3100902 1593301c e5932000
[ 3640.348534:0] 5f78  e3120902 1593301c e5932000 e3120080 1a000001 e7f001f2 eafffffe e5933014
[ 3640.356967:0] 5f98  e1530004 0a000001 e7f001f2 eafffffe e5945080 e0655001 e1a00005 ebfffd30
[ 3640.365400:0] 5fb8  e59f21d8 e28534c2 e5922000 e1a03623 e2433a82 e7921283 e0823283 e3110902
[ 3640.373836:0] 5fd8  1593301c e5932000 e3120080 1a000001 e7f001f2 eafffffe e5942014 e5939018
[ 3640.382269:0] 5ff8  e3120b01 0a000041 e1a01005 e1a00004 ebfffcd9 e1a01005 e1a03000 e1a00004
[ 3640.390703:0] 6018  e5937004 e5938000 ebfffcdf e59f3170 e3a02000 e8900440 e1560003 1a000002
[ 3640.399139:0] 
[ 3640.399141:0] SP: 0xed601de0:
[ 3640.403748:0] 1de0  ed601e0c ed601df0 c0011a54 c0010760 c0010784 c00a6148 20000093 c000df54
[ 3640.412183:0] 1e00  00000000 e7100000 ed601e9c ed601e18 c000dce8 c00081a0 e2768a40 00000028
[ 3640.420617:0] 1e20  00000000 02aaaaab ee000120 e2768a40 4b7cd8c0 025be6c6 e2768a40 e2768020
[ 3640.429052:0] 1e40  00000000 ed601e9c ed601e60 ed601e60 c00a5fb8 c00a6144 20000093 ffffffff
[ 3640.437487:0] 1e60  00000000 00000001 ed601e8c c020a368 c004bac8 ee000120 ee009d40 a0000013
[ 3640.445921:0] 1e80  c020a368 e2768a40 ee018528 00000000 ed601ec4 ed601ea0 c00a654c c00a5f44
[ 3640.454355:0] 1ea0  0000000e e2768a40 ebfc4a88 d9e2d400 00000010 cb0bf800 ed601edc ed601ec8
[ 3640.462790:0] 1ec0  c020a368 c00a64c8 e2768a60 de355ee0 ed601ef4 ed601ee0 c020a38c c020a310
[ 3640.471223:0] 
[ 3640.471226:0] IP: 0xed601de0:
[ 3640.475832:0] 1de0  ed601e0c ed601df0 c0011a54 c0010760 c0010784 c00a6148 20000093 c000df54
[ 3640.484266:0] 1e00  00000000 e7100000 ed601e9c ed601e18 c000dce8 c00081a0 e2768a40 00000028
[ 3640.492701:0] 1e20  00000000 02aaaaab ee000120 e2768a40 4b7cd8c0 025be6c6 e2768a40 e2768020
[ 3640.501134:0] 1e40  00000000 ed601e9c ed601e60 ed601e60 c00a5fb8 c00a6144 20000093 ffffffff
[ 3640.509566:0] 1e60  00000000 00000001 ed601e8c c020a368 c004bac8 ee000120 ee009d40 a0000013
[ 3640.517999:0] 1e80  c020a368 e2768a40 ee018528 00000000 ed601ec4 ed601ea0 c00a654c c00a5f44
[ 3640.526434:0] 1ea0  0000000e e2768a40 ebfc4a88 d9e2d400 00000010 cb0bf800 ed601edc ed601ec8
[ 3640.534869:0] 1ec0  c020a368 c00a64c8 e2768a60 de355ee0 ed601ef4 ed601ee0 c020a38c c020a310
[ 3640.543303:0] 
[ 3640.543305:0] FP: 0xed601e1c:
[ 3640.547912:0] 1e1c  00000028 00000000 02aaaaab ee000120 e2768a40 4b7cd8c0 025be6c6 e2768a40
[ 3640.556344:0] 1e3c  e2768020 00000000 ed601e9c ed601e60 ed601e60 c00a5fb8 c00a6144 20000093
[ 3640.564778:0] 1e5c  ffffffff 00000000 00000001 ed601e8c c020a368 c004bac8 ee000120 ee009d40
[ 3640.573213:0] 1e7c  a0000013 c020a368 e2768a40 ee018528 00000000 ed601ec4 ed601ea0 c00a654c
[ 3640.581648:0] 1e9c  c00a5f44 0000000e e2768a40 ebfc4a88 d9e2d400 00000010 cb0bf800 ed601edc
[ 3640.590084:0] 1ebc  ed601ec8 c020a368 c00a64c8 e2768a60 de355ee0 ed601ef4 ed601ee0 c020a38c
[ 3640.598516:0] 1edc  c020a310 ebfc4a60 ebfc4a88 ed601f0c ed601ef8 c020a3bc c020a378 00000000
[ 3640.606952:0] 1efc  ebfc4a60 ed601f2c ed601f10 c020a460 c020a3b0 c020a3c8 cb0bf7f8 edc11748
[ 3640.615386:0] 
[ 3640.615388:0] R0: 0xe27689c0:
[ 3640.619995:0] 89c0  00000000 00000000 edefde08 de113e00 00000000 00000000 00000000 00000000
[ 3640.628427:0] 89e0  00005af0 e27689e4 e27689e4 00000003 db5e3b70 00000000 00000000 ebc46000
[ 3640.636860:0] 8a00  defaf57c 00000001 00000000 00000000 6e0fc1e8 6b049798 00001fe5 e2768a1c
[ 3640.645295:0] 8a20  e2768a1c 00000000 00000000 00000000 00000000 00000000 00000000 00000000
[ 3640.653727:0] 8a40  cbcb8760 e2768a44 e2768a44 e2768a4c e2768a4c 00000000 00000000 ebfc4a60
[ 3640.662161:0] 8a60  de355ee0 d9c679e0 00000001 00000000 8a81cb8b 0000034f 00000001 00000000
[ 3640.670594:0] 8a80  00000000 00000000 00000000 00000000 00000000 00000000 00000000 00000000
[ 3640.679028:0] 8aa0  00001049 e2768aa4 e2768aa4 00000003 edbeba51 de14a610 e2768930 dec40e00
[ 3640.687464:0] 
[ 3640.687466:0] R4: 0xee0000a0:
[ 3640.692073:0] 00a0  00000000 00000001 00000020 00000000 00000120 00000000 00000000 c05c851c
[ 3640.700506:0] 00c0  c06a12c0 ee000160 00000eee 0000155a 0000113e 0000004b 00000000 00000000
[ 3640.708939:0] 00e0  00000000 00000000 00000000 00000000 00256262 0000205f 0025552e 00001f34
[ 3640.717374:0] 0100  00000000 00000040 ee000114 ee009c80 ee047a40 ee0027e0 ab9a41f7 91eb91f6
[ 3640.725809:0] 0120  00000010 00000020 00000008 00000060 02aaaaab 00042800 00000028 00000000
[ 3640.734244:0] 0140  00000000 00000002 00000020 00000000 000000c0 00000000 00000000 c05c8531
[ 3640.742674:0] 0160  ee0000c0 ee000200 00000608 0000091e 000006b8 0000002b 00000000 00000000
[ 3640.751105:0] 0180  00000000 00000000 00000000 00000000 00bb1d5f 000504cc 00bb1834 00050435
[ 3640.759537:0] 
[ 3640.759540:0] R5: 0xe27689c0:
[ 3640.764146:0] 89c0  00000000 00000000 edefde08 de113e00 00000000 00000000 00000000 00000000
[ 3640.772581:0] 89e0  00005af0 e27689e4 e27689e4 00000003 db5e3b70 00000000 00000000 ebc46000
[ 3640.781013:0] 8a00  defaf57c 00000001 00000000 00000000 6e0fc1e8 6b049798 00001fe5 e2768a1c
[ 3640.789446:0] 8a20  e2768a1c 00000000 00000000 00000000 00000000 00000000 00000000 00000000
[ 3640.797879:0] 8a40  cbcb8760 e2768a44 e2768a44 e2768a4c e2768a4c 00000000 00000000 ebfc4a60
[ 3640.806312:0] 8a60  de355ee0 d9c679e0 00000001 00000000 8a81cb8b 0000034f 00000001 00000000
[ 3640.814746:0] 8a80  00000000 00000000 00000000 00000000 00000000 00000000 00000000 00000000
[ 3640.823177:0] 8aa0  00001049 e2768aa4 e2768aa4 00000003 edbeba51 de14a610 e2768930 dec40e00
[ 3640.831610:0] 
[ 3640.831612:0] R8: 0xe27689c0:
[ 3640.836219:0] 89c0  00000000 00000000 edefde08 de113e00 00000000 00000000 00000000 00000000
[ 3640.844651:0] 89e0  00005af0 e27689e4 e27689e4 00000003 db5e3b70 00000000 00000000 ebc46000
[ 3640.853085:0] 8a00  defaf57c 00000001 00000000 00000000 6e0fc1e8 6b049798 00001fe5 e2768a1c
[ 3640.861519:0] 8a20  e2768a1c 00000000 00000000 00000000 00000000 00000000 00000000 00000000
[ 3640.869953:0] 8a40  cbcb8760 e2768a44 e2768a44 e2768a4c e2768a4c 00000000 00000000 ebfc4a60
[ 3640.878388:0] 8a60  de355ee0 d9c679e0 00000001 00000000 8a81cb8b 0000034f 00000001 00000000
[ 3640.886821:0] 8a80  00000000 00000000 00000000 00000000 00000000 00000000 00000000 00000000
[ 3640.895253:0] 8aa0  00001049 e2768aa4 e2768aa4 00000003 edbeba51 de14a610 e2768930 dec40e00
[ 3640.903687:0] 
[ 3640.903690:0] R9: 0xe2767fa0:
[ 3640.908296:0] 7fa0  70000000 70000000 70000000 70000000 70000000 70000000 70000000 70000000
[ 3640.916727:0] 7fc0  70000000 70000000 70000000 70000000 70000000 70000000 70000000 70000000
[ 3640.925160:0] 7fe0  70000000 70000000 70000000 70000000 70000000 70000000 70000000 70000000
[ 3640.933595:0] 8000  98393bc0 02000000 20260000 00000000 00000000 00000000 00000000 00000000
[ 3640.942028:0] 8020  00000000 00000000 00000000 00000000 00000000 00000000 00000000 00000000
[ 3640.950460:0] 8040  fffffffd fffffffd fffffffd fffffffd fffffffd fffffffd fffffffd fffffffd
[ 3640.958895:0] 8060  fffffffd fffffffd fffffffd fffffffd fffffffd fffffffd fffffffd fffffffd
[ 3640.967328:0] 8080  fffffffd fffffffd fffffffd fffffffd fffffffd fffffffd fffffffd fffffffd
[ 3640.975766:0] Process SurfaceFlinger (pid: 1305, stack limit = 0xed6002f0)
[ 3640.982615:0] Stack: (0xed601e60 to 0xed602000)
[ 3640.987131:0] 1e60: 00000000 00000001 ed601e8c c020a368 c004bac8 ee000120 ee009d40 a0000013
[ 3640.995450:0] 1e80: c020a368 e2768a40 ee018528 00000000 ed601ec4 ed601ea0 c00a654c c00a5f44
[ 3641.003771:0] 1ea0: 0000000e e2768a40 ebfc4a88 d9e2d400 00000010 cb0bf800 ed601edc ed601ec8
[ 3641.012091:0] 1ec0: c020a368 c00a64c8 e2768a60 de355ee0 ed601ef4 ed601ee0 c020a38c c020a310
[ 3641.020411:0] 1ee0: ebfc4a60 ebfc4a88 ed601f0c ed601ef8 c020a3bc c020a378 00000000 ebfc4a60
[ 3641.028730:0] 1f00: ed601f2c ed601f10 c020a460 c020a3b0 c020a3c8 cb0bf7f8 edc11748 e3043de0
[ 3641.037050:0] 1f20: ed601f64 ed601f30 c00ad664 c020a3d4 00000000 00000000 ed601f5c cb0bf7f8
[ 3641.045369:0] 1f40: 00000000 ee0ead00 00000001 c000e1e8 ed600000 00000000 ed601f84 ed601f68
[ 3641.053689:0] 1f60: c00a9e6c c00ad558 00000000 ee0ead00 ee0ead40 cb0bf7f8 ed601fa4 ed601f88
[ 3641.062008:0] 1f80: c00a9f30 c00a9df8 400c7228 4049a654 00000033 00000006 00000000 ed601fa8
[ 3641.070328:0] 1fa0: c000e040 c00a9e84 400c7228 4049a654 0000001c c0283e01 0000001c 4049a64c
[ 3641.078647:0] 1fc0: 400c7228 4049a654 00000033 00000006 40585074 4027812d 00000000 00000001
[ 3641.086967:0] 1fe0: 40594e94 4049a648 40502028 40092e34 60000010 0000001c bfb3adb1 10f6dbca
[ 3641.095281:0] Backtrace: 
[ 3641.097913:0] [<c00a5f38>] (cache_free_debugcheck+0x0/0x284) from [<c00a654c>] (kfree+0x90/0x100)
[ 3641.106756:0] [<c00a64bc>] (kfree+0x0/0x100) from [<c020a368>] (sync_pt_free+0x64/0x68)
[ 3641.114728:0]  r8:cb0bf800 r7:00000010 r6:d9e2d400 r5:ebfc4a88 r4:e2768a40
[ 3641.121455:0] r3:0000000e
[ 3641.124266:0] [<c020a304>] (sync_pt_free+0x0/0x68) from [<c020a38c>] (sync_fence_free_pts+0x20/0x38)
[ 3641.133360:0]  r4:de355ee0 r3:e2768a60
[ 3641.137124:0] [<c020a36c>] (sync_fence_free_pts+0x0/0x38) from [<c020a3bc>] (sync_fence_free+0x18/0x24)
[ 3641.146478:0]  r5:ebfc4a88 r4:ebfc4a60
[ 3641.150242:0] [<c020a3a4>] (sync_fence_free+0x0/0x24) from [<c020a460>] (sync_fence_release+0x98/0xac)
[ 3641.159510:0]  r4:ebfc4a60 r3:00000000
[ 3641.163273:0] [<c020a3c8>] (sync_fence_release+0x0/0xac) from [<c00ad664>] (fput+0x118/0x218)
[ 3641.171762:0]  r6:e3043de0 r5:edc11748 r4:cb0bf7f8 r3:c020a3c8
[ 3641.177631:0] [<c00ad54c>] (fput+0x0/0x218) from [<c00a9e6c>] (filp_close+0x80/0x8c)
[ 3641.185349:0] [<c00a9dec>] (filp_close+0x0/0x8c) from [<c00a9f30>] (sys_close+0xb8/0xf8)
[ 3641.193405:0]  r6:cb0bf7f8 r5:ee0ead40 r4:ee0ead00 r3:00000000
[ 3641.199276:0] [<c00a9e78>] (sys_close+0x0/0xf8) from [<c000e040>] (ret_fast_syscall+0x0/0x30)
[ 3641.207765:0]  r7:00000006 r6:00000033 r5:4049a654 r4:400c7228
[ 3641.213631:0] Code: e5941018 e0876396 e1570001 3a000001 (e7f001f2) 
[ 3641.219874:0] Enter crash kexec !!
[ 3642.219727:0] Non-crashing CPUs did not react to IPI
[ 3642.224871:0] Loading crashdump kernel...
[ 3642.228864:0] Software reset on panic!

nufront 7689
SDIO
[0]
